13:11:40 HELLO     EZ390 START USING z390 V1.5.06 ON J2SE 1.8.0_211 09/05/26
EZ390I Copyright 2011 Automated Software Tools Corporation
EZ390I z390 is licensed under GNU General Public License
EZ390I program = C:\z390\work\HELLO.390
EZ390I options = 
HELLO WORLD FROM Z390 MLC!
EZ390I Trace Table Entry      800FFFC8 90ECD00C     STM  
EZ390I Trace Table Entry      800FFFCC 05C0         BALR 
EZ390I Trace Table Entry      800FFFCE A7150011     BRAS 
EZ390I Trace Table Entry      800FFFF0 0A23         SVC  
EZ390I Trace Table Entry      800FFFF2 58D0D004     L    
EZ390I Trace Table Entry      800FFFF6 98ECD00C     LM   
EZ390I Trace Table Entry      800FFFFA 17FF         XR   
EZ390I Trace Table Entry      800FFFFC 07FE         BR   
EZ390E error  11 ABEND PSW=07050600 80000000 0000         ????? ABEND S0C1
 R0-R3 F4F4F4F400000000 F4F4F4F400000000 F4F4F4F400000000 F4F4F4F400000000
 R4-R7 F4F4F4F400000000 F4F4F4F400000000 F4F4F4F400000000 F4F4F4F400000000
 R8-RB F4F4F4F400000000 F4F4F4F400000000 F4F4F4F400000000 F4F4F4F400000000
 RC-RF F4F4F4F400000000 F4F4F4F400000000 F4F4F4F400000000 F4F4F4F400000000
EZ390E error  12 program aborting due to abend S0C1
EZ390I instructions/sec     = 310
EZ390I total errors         = 1
13:11:40 HELLO     EZ390 ENDED   RC=16 SEC= 0 MEM(MB)= 25 IO=37 INS=9
